<!doctype html>
<html>
	<head>
		<meta http-equiv="Content-Security-Policy" content="default-src 'self' data: gap: https://ssl.gstatic.com 'unsafe-eval' 'unsafe-inline' https://www.google-analytics.com https://www.youtube.com https://s.ytimg.com;media-src data: *;img-src data: blob: *;font-src data: 'self' https://fonts.gstatic.com;style-src 'self' 'unsafe-inline' https://fonts.googleapis.com;connect-src self: file: wss://example.com https://example.com;frame-src https://www.youtube.com https://example.com;child-src https://www.youtube.com https://example.com"/>
		<script src="cordova.js" async></script>
	</head>
</html>